=== Job starting on eu-g3-078 at Tue Feb 24 15:41:36 CET 2026 ===
=== SLURM_PROCID: 0, SLURM_LOCALID: 0, CUDA_VISIBLE_DEVICES: 0 ===
Activated Python venv: /cluster/home/iyakushevsky/euler_env/bin/python
Tue Feb 24 15:41:37 2026       
+-----------------------------------------------------------------------------------------+
| NVIDIA-SMI 580.126.16             Driver Version: 580.126.16     CUDA Version: 13.0     |
+-----------------------------------------+------------------------+----------------------+
| GPU  Name                 Persistence-M | Bus-Id          Disp.A | Volatile Uncorr. ECC |
| Fan  Temp   Perf          Pwr:Usage/Cap |           Memory-Usage | GPU-Util  Compute M. |
|                                         |                        |               MIG M. |
|=========================================+========================+======================|
|   0  NVIDIA TITAN RTX               On  |   00000000:22:00.0 Off |                  N/A |
| 41%   31C    P8              5W /  280W |       1MiB /  24576MiB |      0%      Default |
|                                         |                        |                  N/A |
+-----------------------------------------+------------------------+----------------------+

+-----------------------------------------------------------------------------------------+
| Processes:                                                                              |
|  GPU   GI   CI              PID   Type   Process name                        GPU Memory |
|        ID   ID                                                               Usage      |
|=========================================================================================|
|  No running processes found                                                             |
+-----------------------------------------------------------------------------------------+
INFO: Loading RSITMD 'train' split from data/RSITMD/dataset_RSITMD_split.json
INFO: Loaded 3648 samples for split 'train'.
INFO: Loading RSITMD 'val' split from data/RSITMD/dataset_RSITMD_split.json
INFO: Loaded 643 samples for split 'val'.
[1;34mwandb[0m: 
[1;34mwandb[0m: 🚀 View run [33m20260224_154158_remoteclip_linearclassifier_RSITMD_a7a3a7[0m at: [34mhttps://wandb.ai/ilyay/geofm-bench/runs/qba5djl7[0m
[1;34mwandb[0m: Find logs at: [1;35mwandb/run-20260224_154159-qba5djl7/logs[0m
=== Job finished at Tue Feb 24 15:44:12 CET 2026 ===
